// Jest Snapshot v1, https://goo.gl/fbAQLP

exports[`PipelinePage container test should render DragAction section 1`] = `
<DocumentFragment>
  .c0 {
  display: -webkit-box;
  display: -webkit-flex;
  display: -ms-flexbox;
  display: flex;
  -webkit-box-pack: center;
  -webkit-justify-content: center;
  -ms-flex-pack: center;
  justify-content: center;
  gap: 1.25rem;
  -webkit-align-items: center;
  -webkit-box-align: center;
  -ms-flex-align: center;
  align-items: center;
}

<div
    class="c0"
  >
    <button
      aria-checked="true"
      class="ant-switch css-dev-only-do-not-override-2i2tap ant-switch-checked"
      role="switch"
      type="button"
    >
      <div
        class="ant-switch-handle"
      />
      <span
        class="ant-switch-inner"
      >
        <span
          class="ant-switch-inner-checked"
        />
        <span
          class="ant-switch-inner-unchecked"
        />
      </span>
    </button>
    <span
      aria-label="holder"
      class="anticon anticon-holder"
      role="img"
      style="font-size: 1.5rem; cursor: move;"
    >
      <svg
        aria-hidden="true"
        data-icon="holder"
        fill="currentColor"
        focusable="false"
        height="1em"
        viewBox="64 64 896 896"
        width="1em"
      >
        <path
          d="M300 276.5a56 56 0 1056-97 56 56 0 00-56 97zm0 284a56 56 0 1056-97 56 56 0 00-56 97zM640 228a56 56 0 10112 0 56 56 0 00-112 0zm0 284a56 56 0 10112 0 56 56 0 00-112 0zM300 844.5a56 56 0 1056-97 56 56 0 00-56 97zM640 796a56 56 0 10112 0 56 56 0 00-112 0z"
        />
      </svg>
    </span>
  </div>
</DocumentFragment>
`;
