// Jest Snapshot v1, https://goo.gl/fbAQLP

exports[`PipelinePage container test should render PipelineActions section 1`] = `
<DocumentFragment>
  .c0 {
  display: -webkit-box;
  display: -webkit-flex;
  display: -ms-flexbox;
  display: flex;
  gap: 1rem;
  -webkit-box-pack: end;
  -webkit-justify-content: flex-end;
  -ms-flex-pack: end;
  justify-content: flex-end;
}

<div
    class="c0"
  >
    <span
      aria-label="eye"
      class="anticon anticon-eye"
      role="img"
      style="font-size: 1.5rem;"
      tabindex="-1"
    >
      <svg
        aria-hidden="true"
        data-icon="eye"
        fill="currentColor"
        focusable="false"
        height="1em"
        viewBox="64 64 896 896"
        width="1em"
      >
        <path
          d="M396 512a112 112 0 10224 0 112 112 0 10-224 0zm546.2-25.8C847.4 286.5 704.1 186 512 186c-192.2 0-335.4 100.5-430.2 300.3a60.3 60.3 0 000 51.5C176.6 737.5 319.9 838 512 838c192.2 0 335.4-100.5 430.2-300.3 7.7-16.2 7.7-35 0-51.5zM508 688c-97.2 0-176-78.8-176-176s78.8-176 176-176 176 78.8 176 176-78.8 176-176 176z"
        />
      </svg>
    </span>
    <span
      aria-label="edit"
      class="anticon anticon-edit"
      role="img"
      style="font-size: 1.5rem;"
      tabindex="-1"
    >
      <svg
        aria-hidden="true"
        data-icon="edit"
        fill="currentColor"
        focusable="false"
        height="1em"
        viewBox="64 64 896 896"
        width="1em"
      >
        <path
          d="M257.7 752c2 0 4-.2 6-.5L431.9 722c2-.4 3.9-1.3 5.3-2.8l423.9-423.9a9.96 9.96 0 000-14.1L694.9 114.9c-1.9-1.9-4.4-2.9-7.1-2.9s-5.2 1-7.1 2.9L256.8 538.8c-1.5 1.5-2.4 3.3-2.8 5.3l-29.5 168.2a33.5 33.5 0 009.4 29.8c6.6 6.4 14.9 9.9 23.8 9.9zm67.4-174.4L687.8 215l73.3 73.3-362.7 362.6-88.9 15.7 15.6-89zM880 836H144c-17.7 0-32 14.3-32 32v36c0 4.4 3.6 8 8 8h784c4.4 0 8-3.6 8-8v-36c0-17.7-14.3-32-32-32z"
        />
      </svg>
    </span>
    <span
      aria-label="delete"
      class="anticon anticon-delete"
      role="img"
      style="font-size: 1.5rem;"
      tabindex="-1"
    >
      <svg
        aria-hidden="true"
        data-icon="delete"
        fill="currentColor"
        focusable="false"
        height="1em"
        viewBox="64 64 896 896"
        width="1em"
      >
        <path
          d="M864 256H736v-80c0-35.3-28.7-64-64-64H352c-35.3 0-64 28.7-64 64v80H160c-17.7 0-32 14.3-32 32v32c0 4.4 3.6 8 8 8h60.4l24.7 523c1.6 34.1 29.8 61 63.9 61h454c34.2 0 62.3-26.8 63.9-61l24.7-523H888c4.4 0 8-3.6 8-8v-32c0-17.7-14.3-32-32-32zm-200 0H360v-72h304v72z"
        />
      </svg>
    </span>
  </div>
</DocumentFragment>
`;
